// Vitest Snapshot v1, https://vitest.dev/guide/snapshot.html

exports[`pages/Vault/modals/WithdrawFromVaiVaultModal > fetches and displays the user balance correctly 1`] = `"Available VAI100.00K VAI"`;
