// Vitest Snapshot v1, https://vitest.dev/guide/snapshot.html

exports[`api/queries/getVoteReceipt > returns the correct string depending on what the contract call returns 1`] = `
{
  "voteSupport": "AGAINST",
}
`;

exports[`api/queries/getVoteReceipt > returns the correct string depending on what the contract call returns 2`] = `
{
  "voteSupport": "FOR",
}
`;

exports[`api/queries/getVoteReceipt > returns the correct string depending on what the contract call returns 3`] = `
{
  "voteSupport": "ABSTAIN",
}
`;
