// Vitest Snapshot v1, https://vitest.dev/guide/snapshot.html

exports[`api/queries/getXvsVaultPoolInfo > returns the pool infos on success 1`] = `
{
  "accRewardPerShare": "123871680",
  "allocationPoint": 10,
  "lastRewardBlock": 100000,
  "lockingPeriodMs": 200000,
  "stakedTokenAddress": "0x4B7268FC7C727B88c5Fc127D41b491BfAe63e144",
}
`;
