// Vitest Snapshot v1, https://vitest.dev/guide/snapshot.html

exports[`pages/Dashboard/MintRepayVai/RepayVai > displays the correct repay VAI balance and APY 1`] = `"MAXWallet balance: 0 VAIRepay VAI balance5.66M VAIRepay fee0.00031 VAI (0.000317%)Enter a valid amount to repay"`;
